<html>
<head>
  <title>VEP summary</title>
  <script type="text/javascript" src="http://www.google.com/jsapi"></script>
  <script type="text/javascript">
    google.load('visualization', '1', {packages: ['corechart','table']});
  </script>
  <script type="text/javascript">
    
    function init() {
      // charts
      var var_class_pie = drawPie('var_class_pie', 'Variant classes', google.visualization.arrayToDataTable([['Variant class','Count'],['sequence_alteration',54],['insertion',66],['deletion',77],['SNV',361]]), null);
var var_class_table = drawTable('var_class_table', 'Variant classes', google.visualization.arrayToDataTable([['Variant class','Count'],['sequence_alteration',54],['insertion',66],['deletion',77],['SNV',361]]));

          google.visualization.events.addListener(var_class_pie, 'select', function() {
            var_class_table.setSelection(var_class_pie.getSelection());
          });
          google.visualization.events.addListener(var_class_table, 'select', function() {
            var_class_pie.setSelection(var_class_table.getSelection());
          });
        var var_cons_pie = drawPie('var_cons_pie', 'Consequences (most severe)', google.visualization.arrayToDataTable([['Consequence type','Count'],['splice_donor_5th_base_variant',1],['frameshift_variant',1],['inframe_deletion',1],['missense_variant',16],['splice_polypyrimidine_tract_variant',5],['splice_region_variant',1],['synonymous_variant',15],['5_prime_UTR_variant',5],['3_prime_UTR_variant',2],['intron_variant',457],['intergenic_variant',54]]), {slices: [{}, {color: "#ff69b4"}, {color: "#ff69b4"}, {color: "#ffd700"}, {}, {color: "#ff7f50"}, {color: "#76ee00"}, {}, {}, {color: "#02599c"}, {color: "gray"}]});
var var_cons_table = drawTable('var_cons_table', 'Consequences (most severe)', google.visualization.arrayToDataTable([['Consequence type','Count'],['splice_donor_5th_base_variant',1],['frameshift_variant',1],['inframe_deletion',1],['missense_variant',16],['splice_polypyrimidine_tract_variant',5],['splice_region_variant',1],['synonymous_variant',15],['5_prime_UTR_variant',5],['3_prime_UTR_variant',2],['intron_variant',457],['intergenic_variant',54]]));

          google.visualization.events.addListener(var_cons_pie, 'select', function() {
            var_cons_table.setSelection(var_cons_pie.getSelection());
          });
          google.visualization.events.addListener(var_cons_table, 'select', function() {
            var_cons_pie.setSelection(var_cons_table.getSelection());
          });
        var consequences_pie = drawPie('consequences_pie', 'Consequences (all)', google.visualization.arrayToDataTable([['Consequence type','Count'],['splice_donor_5th_base_variant',4],['frameshift_variant',2],['inframe_deletion',4],['missense_variant',56],['splice_polypyrimidine_tract_variant',20],['splice_region_variant',7],['synonymous_variant',62],['5_prime_UTR_variant',11],['3_prime_UTR_variant',8],['intron_variant',1872],['upstream_gene_variant',1],['TF_binding_site_variant',4],['regulatory_region_variant',159]]), {slices: [{}, {color: "#ff69b4"}, {color: "#ff69b4"}, {color: "#ffd700"}, {}, {color: "#ff7f50"}, {color: "#76ee00"}, {}, {}, {color: "#02599c"}, {color: "#a2b5cd"}, {}, {color: "brown"}]});
var consequences_table = drawTable('consequences_table', 'Consequences (all)', google.visualization.arrayToDataTable([['Consequence type','Count'],['splice_donor_5th_base_variant',4],['frameshift_variant',2],['inframe_deletion',4],['missense_variant',56],['splice_polypyrimidine_tract_variant',20],['splice_region_variant',7],['synonymous_variant',62],['5_prime_UTR_variant',11],['3_prime_UTR_variant',8],['intron_variant',1872],['upstream_gene_variant',1],['TF_binding_site_variant',4],['regulatory_region_variant',159]]));

          google.visualization.events.addListener(consequences_pie, 'select', function() {
            consequences_table.setSelection(consequences_pie.getSelection());
          });
          google.visualization.events.addListener(consequences_table, 'select', function() {
            consequences_pie.setSelection(consequences_table.getSelection());
          });
        var coding_pie = drawPie('coding_pie', 'Coding consequences', google.visualization.arrayToDataTable([['Consequence type','Count'],['frameshift_variant',2],['inframe_deletion',4],['missense_variant',56],['synonymous_variant',62]]), {slices: [{color: "#ff69b4"}, {color: "#ff69b4"}, {color: "#ffd700"}, {color: "#76ee00"}]});
var coding_table = drawTable('coding_table', 'Coding consequences', google.visualization.arrayToDataTable([['Consequence type','Count'],['frameshift_variant',2],['inframe_deletion',4],['missense_variant',56],['synonymous_variant',62]]));

          google.visualization.events.addListener(coding_pie, 'select', function() {
            coding_table.setSelection(coding_pie.getSelection());
          });
          google.visualization.events.addListener(coding_table, 'select', function() {
            coding_pie.setSelection(coding_table.getSelection());
          });
        var sift_pie = drawPie('sift_pie', 'SIFT summary', google.visualization.arrayToDataTable([['Prediction','Count'],['deleterious_low_confidence',3],['tolerated_low_confidence',9],['deleterious',19],['tolerated',25]]), {slices: [{}, {}, {color: "red"}, {color: "green"}]});
var sift_table = drawTable('sift_table', 'SIFT summary', google.visualization.arrayToDataTable([['Prediction','Count'],['deleterious_low_confidence',3],['tolerated_low_confidence',9],['deleterious',19],['tolerated',25]]));

          google.visualization.events.addListener(sift_pie, 'select', function() {
            sift_table.setSelection(sift_pie.getSelection());
          });
          google.visualization.events.addListener(sift_table, 'select', function() {
            sift_pie.setSelection(sift_table.getSelection());
          });
        var polyphen_pie = drawPie('polyphen_pie', 'PolyPhen summary', google.visualization.arrayToDataTable([['Prediction','Count'],['probably_damaging',4],['possibly_damaging',12],['benign',40]]), {slices: [{}, {}, {color: "green"}]});
var polyphen_table = drawTable('polyphen_table', 'PolyPhen summary', google.visualization.arrayToDataTable([['Prediction','Count'],['probably_damaging',4],['possibly_damaging',12],['benign',40]]));

          google.visualization.events.addListener(polyphen_pie, 'select', function() {
            polyphen_table.setSelection(polyphen_pie.getSelection());
          });
          google.visualization.events.addListener(polyphen_table, 'select', function() {
            polyphen_pie.setSelection(polyphen_table.getSelection());
          });
        var chr_bar = drawBar('chr_bar', 'Variants by chromosome', google.visualization.arrayToDataTable([['Chromosome','Count'],['chr13',558]]), {legend: {position: "none"}});
var chr_table = drawTable('chr_table', 'Variants by chromosome', google.visualization.arrayToDataTable([['Chromosome','Count'],['chr13',558]]));

          google.visualization.events.addListener(chr_bar, 'select', function() {
            chr_table.setSelection(chr_bar.getSelection());
          });
          google.visualization.events.addListener(chr_table, 'select', function() {
            chr_bar.setSelection(chr_table.getSelection());
          });
        var chr_chr13_area = drawArea('chr_chr13_area', 'Distribution of variants on chromosome chr13', google.visualization.arrayToDataTable([['Position (mb)','Count'],['0',0],['1',0],['2',0],['3',0],['4',0],['5',0],['6',0],['7',0],['8',0],['9',0],['10',0],['11',0],['12',0],['13',0],['14',0],['15',0],['16',0],['17',0],['18',0],['19',0],['20',0],['21',0],['22',0],['23',0],['24',0],['25',0],['26',0],['27',0],['28',0],['29',0],['30',0],['31',0],['32',0],['33',0],['34',0],['35',0],['36',558],['37',0],['38',0],['39',0],['40',0],['41',0],['42',0],['43',0],['44',0],['45',0],['46',0],['47',0],['48',0],['49',0],['50',0],['51',0],['52',0],['53',0],['54',0],['55',0],['56',0],['57',0],['58',0],['59',0],['60',0],['61',0],['62',0],['63',0],['64',0],['65',0],['66',0],['67',0],['68',0],['69',0],['70',0],['71',0],['72',0],['73',0],['74',0],['75',0],['76',0],['77',0],['78',0],['79',0],['80',0],['81',0],['82',0],['83',0],['84',0],['85',0],['86',0],['87',0],['88',0],['89',0],['90',0],['91',0],['92',0],['93',0],['94',0],['95',0],['96',0],['97',0],['98',0],['99',0],['100',0],['101',0],['102',0],['103',0],['104',0],['105',0],['106',0],['107',0],['108',0],['109',0],['110',0],['111',0],['112',0],['113',0],['114',0]]), {hAxis: {title: "Position (mb)", textStyle: {fontSize: 8}}, legend: {position: "none"}});
var protein_bar = drawBar('protein_bar', 'Position in protein', google.visualization.arrayToDataTable([['Position in protein (percentile)','Count'],['00-10%',16],['10-20%',10],['20-30%',16],['30-40%',18],['40-50%',4],['50-60%',6],['60-70%',12],['70-80%',12],['80-90%',8],['90-100%',20]]), {hAxis: {title: "Position in protein (percentile)", textStyle: {fontSize: 10}}, legend: {position: "none"}});

    }
    
    function drawPie(id, title, data, options) {    
      var pie = new google.visualization.PieChart(document.getElementById(id));
      pie.draw(data, options);
      return pie;
    }
    function drawBar(id, title, data, options) {
      var bar = new google.visualization.ColumnChart(document.getElementById(id));
      bar.draw(data, options);
      return bar;
    }
    function drawTable(id, title, data) {
      var table = new google.visualization.Table(document.getElementById(id));
      table.draw(data, null);
      return table;
    }
    function drawLine(id, title, data, options) {
      var line = new google.visualization.LineChart(document.getElementById(id));
      line.draw(data, options);
      return line;
    }
    function drawArea(id, title, data, options) {
      var area = new google.visualization.AreaChart(document.getElementById(id));
      area.draw(data, options);
      return area;
    }
    google.setOnLoadCallback(init);
  </script>
  
  
  <style type="text/css">
    body {
      font-family: arial, sans-serif;
      margin: 0px;
      padding: 0px;
    }
    
    a {color: #36b;}
    a.visited {color: #006;}
    
    .stats_table {
      margin: 5px;
    }
    
    td {
      padding: 5px;
    }

    th.gradient {
      height: auto;
    }

    .stats_table tr:nth-child(odd) {
      background-color: #f0f0f0;
    }
    
    h3 {
      color: #666;
    }
    
    .masthead {
      background-color: white;
      color: rgb(204, 221, 255);
      height: 80px;
      width: 100%;
      padding: 0px;
    }
    
    .main {
      padding: 10px;
    }
    
    .gradient {
      background: #333366; /* Old browsers */
      background: -moz-linear-gradient(left,  #333366 0%, #ffffff 100%); /* FF3.6+ */
      background: -webkit-gradient(linear, left top, right top, color-stop(0%,#333366), color-stop(100%,#ffffff)); /* Chrome,Safari4+ */
      background: -webkit-linear-gradient(left,  #333366 0%,#ffffff 100%); /* Chrome10+,Safari5.1+ */
      background: -o-linear-gradient(left,  #333366 0%,#ffffff 100%); /* Opera 11.10+ */
      background: -ms-linear-gradient(left,  #333366 0%,#ffffff 100%); /* IE10+ */
      background: linear-gradient(to right,  #333366 0%,#ffffff 100%); /* W3C */
      filter: progid:DXImageTransform.Microsoft.gradient( startColorstr='#333366', endColorstr='#ffffff',GradientType=1 ); /* IE6-9 */
      
      padding: 0px;
      height: 80px;
      width: 700px;
    }
    
    .main_content {
      margin-left: 300px;
    }
    
    .sidemenu {
      width: 260px;
      position: fixed;
      border-style: solid;
      border-width: 2px;
      border-color: rgb(51, 51, 102);
    }
    
    .sidemenu_head {
      width: 250px;
      background-color: rgb(51, 51, 102);
      color: rgb(204, 221, 255);
      padding: 5px;
    }
    
    .sidemenu_body {
      width: 250px;
      padding: 5px;
    }
  </style>
</head>
<body>
<div id="masthead" class="masthead">
  <div style="float: left; display: inline; padding: 10px; height: 80px;">
    <a href="http://www.ensembl.org/"><img src="http://static.ensembl.org/i/e-ensembl.png" width="185" height="45" alt="Ensembl"></a>
  </div>
  
  <div style="float: right; display: inline; height: 80px; background: white; padding: 10px;">
    <a href="http://www.ensembl.org/vep"><img src="http://www.ensembl.org/img/vep_logo.png" width="111" height="50" alt="VEP"></a>
  </div>
  <div class="gradient">
  </div>
</div>
<div class="main">
<div class="sidemenu"><div class="sidemenu_head">Links</div><div class="sidemenu_body"><ul><li><a href="#masthead">Top of page</a></li><li><a href="#run_stats">VEP run statistics</a></li><li><a href="#gen_stats">General statistics</a></li><li><a href="#var_class">Variant classes</a></li><li><a href="#var_cons">Consequences (most severe)</a></li><li><a href="#consequences">Consequences (all)</a></li><li><a href="#coding">Coding consequences</a></li><li><a href="#sift">SIFT summary</a></li><li><a href="#polyphen">PolyPhen summary</a></li><li><a href="#chr">Variants by chromosome</a></li><li><a href="#protein">Position in protein</a></li></ul></div></div><div class='main_content'><h3 id="run_stats">VEP run statistics</h3><table class="stats_table"><tr><td>VEP version (API)</td><td> 108 (108)</td></tr><tr><td>Annotation sources</td><td>Cache: /test/vep_caches/homo_sapiens/108_GRCh38</td></tr><tr><td>Species</td><td>homo_sapiens</td></tr><tr><td>Command line options</td><td><pre>--allele_number --assembly GRCh38 --cache --compress_output bgzip --dir_cache /test/vep_caches/ --dir_plugins ensembl-vep/cache/Plugins/ --everything --fasta /test/reference.fasta --fork 4 --format vcf --full_command vep --offline --cache --assembly GRCh38 --dir_cache /test/vep_caches/ --everything --allele_num --fork 4 -i /test/test_input2.vcf.sites.vcf.gz --format vcf --fasta /test/reference.fasta -o /test/test_input2.vcf.sites.vep.vcf.gz --compress_output bgzip --vcf --dir_plugins ensembl-vep/cache/Plugins/ --plugin LoF,loftee_path:ensembl-vep/cache/Plugins/loftee,human_ancestor_fa:/test/loftee_files/loftee_hg38/human_ancestor.fa.gz,conservation_file:/test/loftee_files/loftee_hg38/loftee.sql,gerp_bigwig:/test/loftee_files/loftee_hg38/gerp_conservation_scores.homo_sapiens.GRCh38.bw --input_file /test/test_input2.vcf.sites.vcf.gz --offline --output_file /test/test_input2.vcf.sites.vep.vcf.gz --plugin LoF,loftee_path:ensembl-vep/cache/Plugins/loftee,human_ancestor_fa:/test/loftee_files/loftee_hg38/human_ancestor.fa.gz,conservation_file:/test/loftee_files/loftee_hg38/loftee.sql,gerp_bigwig:/test/loftee_files/loftee_hg38/gerp_conservation_scores.homo_sapiens.GRCh38.bw --vcf</pre></td></tr><tr><td>Start time</td><td>2025-02-05 12:06:46</td></tr><tr><td>End time</td><td>2025-02-05 12:06:47</td></tr><tr><td>Run time</td><td>1 seconds</td></tr><tr><td>Input file</td><td>/test/test_input2.vcf.sites.vcf.gz</td></tr><tr><td>Output file</td><td>/test/test_input2.vcf.sites.vep.vcf.gz</td></tr></table><h3 id="gen_stats">General statistics</h3><table class="stats_table"><tr><td>Lines of input read</td><td>558</td></tr><tr><td>Variants processed</td><td>558</td></tr><tr><td>Variants filtered out</td><td>0</td></tr><tr><td>Novel / existing variants</td><td>104 (18.6) / 454 (81.4)</td></tr><tr><td>Overlapped genes</td><td>1</td></tr><tr><td>Overlapped transcripts</td><td>4</td></tr><tr><td>Overlapped regulatory features</td><td>4</td></tr></table><hr/><h3 id="var_class">Variant classes</h3><div id="var_class_pie" style="width: 800px; height: 200px">&nbsp;</div><div id="var_class_table" style="width: 800px; height: 200px">&nbsp;</div><hr/><h3 id="var_cons">Consequences (most severe)</h3><div id="var_cons_pie" style="width: 800px; height: 400px">&nbsp;</div><div id="var_cons_table" style="width: 800px; height: 200px">&nbsp;</div><hr/><h3 id="consequences">Consequences (all)</h3><div id="consequences_pie" style="width: 800px; height: 400px">&nbsp;</div><div id="consequences_table" style="width: 800px; height: 200px">&nbsp;</div><hr/><h3 id="coding">Coding consequences</h3><div id="coding_pie" style="width: 800px; height: 400px">&nbsp;</div><div id="coding_table" style="width: 800px; height: 200px">&nbsp;</div><hr/><h3 id="sift">SIFT summary</h3><div id="sift_pie" style="width: 800px; height: 200px">&nbsp;</div><div id="sift_table" style="width: 800px; height: 200px">&nbsp;</div><hr/><h3 id="polyphen">PolyPhen summary</h3><div id="polyphen_pie" style="width: 800px; height: 200px">&nbsp;</div><div id="polyphen_table" style="width: 800px; height: 200px">&nbsp;</div><hr/><h3 id="chr">Variants by chromosome</h3><div id="chr_bar" style="width: 800px; height: 200px">&nbsp;</div><div id="chr_table" style="width: 800px; height: 200px">&nbsp;</div><hr/><h3 id="chr_chr13">Distribution of variants on chromosome chr13</h3><div id="chr_chr13_area" style="width: 800px; height: 200px">&nbsp;</div><hr/><h3 id="protein">Position in protein</h3><div id="protein_bar" style="width: 800px; height: 200px">&nbsp;</div></div>
</div></body>
</html>
